../Core/Src/main.c:76:5:_write	24	static
../Core/Src/main.c:87:5:main	16	static
../Core/Src/main.c:139:6:SystemClock_Config	88	static
../Core/Src/main.c:185:13:MX_ADC1_Init	24	static
../Core/Src/main.c:237:13:MX_ETH_Init	8	static
../Core/Src/main.c:286:13:MX_USART3_UART_Init	8	static
../Core/Src/main.c:319:13:MX_USB_OTG_FS_PCD_Init	8	static
../Core/Src/main.c:352:13:MX_DMA_Init	16	static
../Core/Src/main.c:370:13:MX_GPIO_Init	56	static
../Core/Src/main.c:428:6:Error_Handler	4	static,ignoring_inline_asm
